// Jest Snapshot v1, https://goo.gl/fbAQLP

exports[`Should PlayerPalayButton render correctly 1`] = `
<div>
  <svg
    height="19"
    viewBox="0 0 19 19"
    width="19"
  >
    <use
      xlink:href="#play-s"
    />
  </svg>
</div>
`;
