// Jest Snapshot v1, https://goo.gl/fbAQLP

exports[`Should NotFoundScreen render correctly 1`] = `
<div>
  <section
    class="movie-card"
  >
    <header
      class="page-header movie-card__head"
    >
      <div
        class="logo"
      >
        <a
          class="logo__link "
          href="/"
        >
          <span
            class="logo__letter logo__letter--1"
          >
            W
          </span>
          <span
            class="logo__letter logo__letter--2"
          >
            T
          </span>
          <span
            class="logo__letter logo__letter--3"
          >
            W
          </span>
        </a>
      </div>
    </header>
    <section
      class="game__screen"
    >
      <h1>
        404. Page not found
      </h1>
      <a
        href="/"
      >
        Вернуться на главную
      </a>
    </section>
  </section>
</div>
`;
